2026-02-27 22:08:22,154 [DEBUG] --- MIDI EVENTS ---
2026-02-27 22:08:22,154 [DEBUG] Instrument: Trumpet
2026-02-27 22:08:22,154 [DEBUG] start=  0.00 | dur=  0.12 | pitch=E3   | vel= 80
2026-02-27 22:08:22,154 [DEBUG] start=  2.00 | dur=  2.00 | pitch=E3   | vel= 80
2026-02-27 22:08:22,154 [DEBUG] start=  4.00 | dur=  0.50 | pitch=E3   | vel= 80
2026-02-27 22:08:22,154 [DEBUG] start=  6.00 | dur=  1.00 | pitch=E4   | vel= 80
2026-02-27 22:08:22,154 [DEBUG] start=  7.00 | dur=  0.50 | pitch=A3   | vel= 70
2026-02-27 22:08:22,154 [DEBUG] start=  7.50 | dur=  0.25 | pitch=A4   | vel=120
2026-02-27 22:08:22,154 [DEBUG] start=  9.50 | dur=  1.50 | pitch=A3   | vel=120
2026-02-27 22:08:22,154 [DEBUG] start= 11.50 | dur=  0.50 | pitch=A3   | vel=120
2026-02-27 22:08:22,154 [DEBUG] start= 13.50 | dur=  0.25 | pitch=G#4  | vel=120
2026-02-27 22:08:22,154 [DEBUG] start= 13.75 | dur=  0.50 | pitch=A4   | vel=110
2026-02-27 22:08:22,154 [DEBUG] start= 14.25 | dur=  1.00 | pitch=B4   | vel=120
2026-02-27 22:08:22,155 [DEBUG] start= 15.25 | dur=  1.00 | pitch=C#4  | vel=120
2026-02-27 22:08:22,155 [DEBUG] start= 16.25 | dur=  2.00 | pitch=A3   | vel=120
2026-02-27 22:08:22,155 [DEBUG] start= 18.25 | dur=  0.12 | pitch=G#4  | vel=120
2026-02-27 22:08:22,155 [DEBUG] start= 18.38 | dur=  1.00 | pitch=E3   | vel=120
2026-02-27 22:08:22,155 [DEBUG] start= 19.38 | dur=  0.50 | pitch=B4   | vel=120
2026-02-27 22:08:22,155 [DEBUG] start= 19.88 | dur=  0.12 | pitch=B4   | vel=120
2026-02-27 22:08:22,155 [DEBUG] start= 20.25 | dur=  1.00 | pitch=F#4  | vel=120
2026-02-27 22:08:22,155 [DEBUG] start= 21.25 | dur=  1.00 | pitch=F#3  | vel=120
2026-02-27 22:08:22,155 [DEBUG] start= 22.25 | dur=  0.50 | pitch=A3   | vel=110
2026-02-27 22:08:22,155 [DEBUG] start= 22.75 | dur=  0.12 | pitch=G#3  | vel=100
2026-02-27 22:08:22,155 [DEBUG] start= 22.88 | dur=  0.75 | pitch=B3   | vel=100
2026-02-27 22:08:22,155 [DEBUG] start= 23.62 | dur=  0.50 | pitch=E4   | vel=100
2026-02-27 22:08:22,155 [DEBUG] start= 24.75 | dur=  0.25 | pitch=G#4  | vel=100
2026-02-27 22:08:22,155 [DEBUG] start= 25.00 | dur=  1.00 | pitch=B4   | vel=100
2026-02-27 22:08:22,155 [DEBUG] start= 26.00 | dur=  0.25 | pitch=E4   | vel=100
2026-02-27 22:08:22,155 [DEBUG] start= 26.75 | dur=  0.25 | pitch=A3   | vel=100
2026-02-27 22:08:22,155 [DEBUG] start= 27.00 | dur=  0.50 | pitch=B4   | vel=100
2026-02-27 22:08:22,155 [DEBUG] start= 27.50 | dur=  1.00 | pitch=D3   | vel=100
2026-02-27 22:08:22,155 [DEBUG] start= 28.75 | dur=  0.25 | pitch=A4   | vel=100
2026-02-27 22:08:22,155 [DEBUG] start= 29.00 | dur=  1.50 | pitch=C#4  | vel=100
2026-02-27 22:08:22,155 [DEBUG] start= 30.50 | dur=  0.25 | pitch=D3   | vel=100
2026-02-27 22:08:22,155 [DEBUG] start= 30.75 | dur=  0.50 | pitch=A3   | vel= 90
2026-02-27 22:08:22,155 [DEBUG] start= 31.25 | dur=  0.50 | pitch=F#3  | vel= 80
2026-02-27 22:08:22,155 [DEBUG] start= 33.25 | dur=  1.00 | pitch=E3   | vel= 80
2026-02-27 22:08:22,155 [DEBUG] start= 35.25 | dur=  0.12 | pitch=F#3  | vel= 80
2026-02-27 22:08:22,155 [DEBUG] start= 37.25 | dur=  0.50 | pitch=F#4  | vel= 80
2026-02-27 22:08:22,155 [DEBUG] start= 37.75 | dur=  0.50 | pitch=A3   | vel= 70
2026-02-27 22:08:22,155 [DEBUG] start= 38.25 | dur=  1.00 | pitch=E3   | vel=120
2026-02-27 22:08:22,155 [DEBUG] start= 40.25 | dur=  0.12 | pitch=F#3  | vel=120
2026-02-27 22:08:22,155 [DEBUG] start= 42.25 | dur=  1.00 | pitch=E4   | vel=120
2026-02-27 22:08:22,155 [DEBUG] start= 44.25 | dur=  0.25 | pitch=E4   | vel=120
2026-02-27 22:08:22,155 [DEBUG] start= 44.50 | dur=  0.50 | pitch=A3   | vel=110
2026-02-27 22:08:22,155 [DEBUG] start= 45.00 | dur=  1.00 | pitch=D3   | vel=100
2026-02-27 22:08:22,156 [DEBUG] start= 47.00 | dur=  1.50 | pitch=E4   | vel=100
2026-02-27 22:08:22,156 [DEBUG] start= 49.00 | dur=  0.12 | pitch=E4   | vel=100
2026-02-27 22:08:22,156 [DEBUG] start= 51.00 | dur=  2.00 | pitch=E4   | vel=100
2026-02-27 22:08:22,156 [DEBUG] start= 53.00 | dur=  0.50 | pitch=A4   | vel= 90
2026-02-27 22:08:22,156 [DEBUG] start= 53.50 | dur=  2.00 | pitch=A4   | vel= 60
2026-02-27 22:08:22,156 [DEBUG] start= 55.50 | dur=  1.00 | pitch=A3   | vel= 60
2026-02-27 22:08:22,156 [DEBUG] start= 57.50 | dur=  1.50 | pitch=A4   | vel= 60
2026-02-27 22:08:22,156 [DEBUG] start= 59.50 | dur=  0.75 | pitch=G#4  | vel= 60
2026-02-27 22:08:22,156 [DEBUG] start= 60.25 | dur=  0.50 | pitch=A3   | vel= 50
2026-02-27 22:08:22,156 [DEBUG] start= 60.75 | dur=  0.75 | pitch=G#3  | vel= 40
2026-02-27 22:08:22,156 [DEBUG] start= 61.50 | dur=  0.50 | pitch=B4   | vel= 40
2026-02-27 22:08:22,156 [DEBUG] start= 62.75 | dur=  0.75 | pitch=A4   | vel= 40
2026-02-27 22:08:22,156 [DEBUG] start= 63.50 | dur=  0.75 | pitch=A3   | vel= 40
2026-02-27 22:08:22,156 [DEBUG] start= 64.75 | dur=  0.50 | pitch=A3   | vel= 40
2026-02-27 22:08:22,156 [DEBUG] start= 65.25 | dur=  1.00 | pitch=A3   | vel= 40
2026-02-27 22:08:22,156 [DEBUG] start= 66.75 | dur=  0.50 | pitch=A4   | vel= 40
2026-02-27 22:08:22,156 [DEBUG] start= 67.25 | dur=  0.50 | pitch=A4   | vel= 40
2026-02-27 22:08:22,156 [DEBUG] start= 67.75 | dur=  0.50 | pitch=A3   | vel= 30
2026-02-27 22:08:22,156 [DEBUG] start= 68.25 | dur=  0.75 | pitch=E4   | vel=120
2026-02-27 22:08:22,156 [DEBUG] start= 69.00 | dur=  1.00 | pitch=B4   | vel=120
2026-02-27 22:08:22,156 [DEBUG] start= 70.00 | dur=  0.12 | pitch=C#3  | vel=120
2026-02-27 22:08:22,156 [DEBUG] start= 70.12 | dur=  0.12 | pitch=A4   | vel=120
2026-02-27 22:08:22,156 [DEBUG] start= 70.25 | dur=  1.50 | pitch=F#4  | vel=120
2026-02-27 22:08:22,156 [DEBUG] start= 71.75 | dur=  0.12 | pitch=B4   | vel=120
2026-02-27 22:08:22,156 [DEBUG] start= 71.88 | dur=  0.25 | pitch=C#3  | vel=120
2026-02-27 22:08:22,156 [DEBUG] start= 72.12 | dur=  0.12 | pitch=A4   | vel=120
2026-02-27 22:08:22,156 [DEBUG] start= 72.25 | dur=  0.50 | pitch=F#3  | vel=120
2026-02-27 22:08:22,156 [DEBUG] start= 72.75 | dur=  0.75 | pitch=C#3  | vel=120
2026-02-27 22:08:22,156 [DEBUG] start= 73.50 | dur=  0.75 | pitch=D4   | vel=120
2026-02-27 22:08:22,156 [DEBUG] start= 74.25 | dur=  2.00 | pitch=G#3  | vel=120
2026-02-27 22:08:22,156 [DEBUG] start= 76.25 | dur=  0.50 | pitch=A4   | vel=110
2026-02-27 22:08:22,156 [DEBUG] start= 76.75 | dur=  0.12 | pitch=G#4  | vel= 40
2026-02-27 22:08:22,156 [DEBUG] start= 76.88 | dur=  0.75 | pitch=B4   | vel= 40
2026-02-27 22:08:22,156 [DEBUG] start= 78.75 | dur=  1.50 | pitch=F#3  | vel= 40
2026-02-27 22:08:22,156 [DEBUG] start= 80.25 | dur=  0.12 | pitch=C#3  | vel= 40
2026-02-27 22:08:22,156 [DEBUG] start= 80.75 | dur=  1.00 | pitch=F#4  | vel= 40
2026-02-27 22:08:22,157 [DEBUG] start= 81.75 | dur=  1.00 | pitch=D4   | vel= 40
2026-02-27 22:08:22,157 [DEBUG] start= 82.75 | dur=  1.00 | pitch=F#3  | vel= 40
2026-02-27 22:08:22,157 [DEBUG] start= 83.75 | dur=  0.25 | pitch=D4   | vel= 40
2026-02-27 22:08:22,157 [DEBUG] start= 84.00 | dur=  0.50 | pitch=A4   | vel= 30
2026-02-27 22:08:22,157 [DEBUG] start= 84.50 | dur=  1.50 | pitch=C#3  | vel= 20
2026-02-27 22:08:22,157 [DEBUG] start= 86.00 | dur=  0.25 | pitch=D3   | vel= 20
2026-02-27 22:08:22,157 [DEBUG] start= 86.50 | dur=  1.00 | pitch=C#4  | vel= 20
2026-02-27 22:08:22,157 [DEBUG] start= 87.50 | dur=  0.12 | pitch=D4   | vel= 20
2026-02-27 22:08:22,157 [DEBUG] start= 88.50 | dur=  2.00 | pitch=C#4  | vel= 20
2026-02-27 22:08:22,157 [DEBUG] Instrument: Acoustic Grand Piano
2026-02-27 22:08:22,157 [DEBUG] start=  0.00 | dur=  0.50 | pitch=D2   | vel= 70
2026-02-27 22:08:22,157 [DEBUG] start=  0.50 | dur=  0.75 | pitch=D3   | vel= 70
2026-02-27 22:08:22,157 [DEBUG] start=  1.25 | dur=  0.75 | pitch=A2   | vel= 70
2026-02-27 22:08:22,157 [DEBUG] start=  2.00 | dur=  0.25 | pitch=D3   | vel= 70
2026-02-27 22:08:22,157 [DEBUG] start=  2.25 | dur=  0.75 | pitch=C#3  | vel= 70
2026-02-27 22:08:22,157 [DEBUG] start=  3.00 | dur=  0.75 | pitch=A2   | vel= 70
2026-02-27 22:08:22,157 [DEBUG] start=  3.75 | dur=  1.00 | pitch=A3   | vel= 70
2026-02-27 22:08:22,157 [DEBUG] start=  4.75 | dur=  0.12 | pitch=F#2  | vel= 90
2026-02-27 22:08:22,157 [DEBUG] start=  6.75 | dur=  2.00 | pitch=F#2  | vel= 90
2026-02-27 22:08:22,157 [DEBUG] start=  8.75 | dur=  1.00 | pitch=A2   | vel= 90
2026-02-27 22:08:22,157 [DEBUG] start=  9.75 | dur=  1.00 | pitch=A3   | vel= 50
2026-02-27 22:08:22,157 [DEBUG] start= 10.75 | dur=  0.75 | pitch=E2   | vel= 50
2026-02-27 22:08:22,157 [DEBUG] start= 11.50 | dur=  0.12 | pitch=A2   | vel= 50
2026-02-27 22:08:22,157 [DEBUG] start= 11.75 | dur=  0.12 | pitch=A3   | vel= 50
2026-02-27 22:08:22,157 [DEBUG] start= 11.88 | dur=  0.50 | pitch=F#2  | vel= 50
2026-02-27 22:08:22,157 [DEBUG] start= 12.38 | dur=  0.75 | pitch=A3   | vel= 50
2026-02-27 22:08:22,157 [DEBUG] start= 13.12 | dur=  1.00 | pitch=A3   | vel= 50
2026-02-27 22:08:22,157 [DEBUG] start= 14.12 | dur=  0.50 | pitch=D2   | vel= 50
2026-02-27 22:08:22,157 [DEBUG] start= 14.62 | dur=  0.12 | pitch=G#3  | vel= 50
2026-02-27 22:08:22,157 [DEBUG] start= 14.75 | dur=  0.75 | pitch=F#2  | vel= 50
2026-02-27 22:08:22,157 [DEBUG] start= 15.50 | dur=  0.25 | pitch=E3   | vel= 50
2026-02-27 22:08:22,157 [DEBUG] start= 16.12 | dur=  0.50 | pitch=D2   | vel= 50
2026-02-27 22:08:22,157 [DEBUG] start= 16.62 | dur=  1.00 | pitch=G#3  | vel= 50
2026-02-27 22:08:22,157 [DEBUG] start= 17.62 | dur=  0.25 | pitch=F#3  | vel= 50
2026-02-27 22:08:22,157 [DEBUG] start= 17.88 | dur=  0.12 | pitch=E3   | vel= 50
2026-02-27 22:08:22,157 [DEBUG] start= 18.00 | dur=  1.00 | pitch=A2   | vel= 50
2026-02-27 22:08:22,157 [DEBUG] start= 19.00 | dur=  0.75 | pitch=C#3  | vel= 30
2026-02-27 22:08:22,157 [DEBUG] start= 21.00 | dur=  0.50 | pitch=C#2  | vel= 30
2026-02-27 22:08:22,158 [DEBUG] start= 21.50 | dur=  1.00 | pitch=A2   | vel= 30
2026-02-27 22:08:22,158 [DEBUG] start= 22.50 | dur=  1.50 | pitch=F#2  | vel= 50
2026-02-27 22:08:22,158 [DEBUG] start= 24.00 | dur=  0.50 | pitch=D2   | vel= 50
2026-02-27 22:08:22,158 [DEBUG] start= 24.50 | dur=  0.50 | pitch=F#3  | vel= 50
2026-02-27 22:08:22,158 [DEBUG] start= 25.00 | dur=  1.00 | pitch=C#2  | vel= 50
2026-02-27 22:08:22,158 [DEBUG] start= 26.00 | dur=  1.00 | pitch=A2   | vel= 50
2026-02-27 22:08:22,158 [DEBUG] start= 27.00 | dur=  0.25 | pitch=D2   | vel= 50
2026-02-27 22:08:22,158 [DEBUG] start= 27.25 | dur=  0.50 | pitch=D2   | vel= 50
2026-02-27 22:08:22,158 [DEBUG] start= 27.75 | dur=  0.75 | pitch=D3   | vel= 50
2026-02-27 22:08:22,158 [DEBUG] start= 29.00 | dur=  0.75 | pitch=E3   | vel= 50
2026-02-27 22:08:22,158 [DEBUG] start= 29.75 | dur=  0.75 | pitch=C#2  | vel= 50
2026-02-27 22:08:22,158 [DEBUG] start= 30.50 | dur=  0.50 | pitch=E2   | vel= 50
2026-02-27 22:08:22,158 [DEBUG] start= 31.00 | dur=  1.00 | pitch=A2   | vel= 50
2026-02-27 22:08:22,158 [DEBUG] start= 32.00 | dur=  0.25 | pitch=C#3  | vel= 10
2026-02-27 22:08:22,158 [DEBUG] start= 32.25 | dur=  1.00 | pitch=F#3  | vel= 10
2026-02-27 22:08:22,158 [DEBUG] start= 34.00 | dur=  0.75 | pitch=C#2  | vel= 10
2026-02-27 22:08:22,158 [DEBUG] start= 34.75 | dur=  0.25 | pitch=F#3  | vel= 10
2026-02-27 22:08:22,158 [DEBUG] start= 35.00 | dur=  1.00 | pitch=A2   | vel= 10
2026-02-27 22:08:22,158 [DEBUG] start= 36.00 | dur=  2.00 | pitch=F#2  | vel= 50
2026-02-27 22:08:22,158 [DEBUG] start= 38.00 | dur=  1.50 | pitch=F#3  | vel= 50
2026-02-27 22:08:22,158 [DEBUG] start= 39.50 | dur=  0.25 | pitch=C#3  | vel= 50
2026-02-27 22:08:22,158 [DEBUG] start= 39.75 | dur=  1.00 | pitch=A3   | vel= 50
2026-02-27 22:08:22,158 [DEBUG] start= 40.75 | dur=  0.50 | pitch=A2   | vel=110
2026-02-27 22:08:22,158 [DEBUG] start= 41.25 | dur=  0.12 | pitch=E3   | vel=110
2026-02-27 22:08:22,158 [DEBUG] start= 41.38 | dur=  1.00 | pitch=A3   | vel=110
2026-02-27 22:08:22,158 [DEBUG] start= 42.38 | dur=  0.12 | pitch=D3   | vel=110
2026-02-27 22:08:22,158 [DEBUG] start= 42.75 | dur=  0.12 | pitch=B2   | vel=110
2026-02-27 22:08:22,158 [DEBUG] start= 42.88 | dur=  0.75 | pitch=E3   | vel=110
2026-02-27 22:08:22,158 [DEBUG] start= 43.62 | dur=  0.12 | pitch=B2   | vel=110
2026-02-27 22:08:22,158 [DEBUG] start= 43.75 | dur=  0.50 | pitch=D3   | vel=110
2026-02-27 22:08:22,158 [DEBUG] start= 44.25 | dur=  1.00 | pitch=A3   | vel=110
2026-02-27 22:08:22,158 [DEBUG] start= 45.25 | dur=  2.00 | pitch=A3   | vel= 90
2026-02-27 22:08:22,158 [DEBUG] start= 47.25 | dur=  1.00 | pitch=G#3  | vel= 90
2026-02-27 22:08:22,158 [DEBUG] start= 48.25 | dur=  0.75 | pitch=A3   | vel= 90
2026-02-27 22:08:22,158 [DEBUG] start= 49.00 | dur=  0.12 | pitch=D2   | vel= 90
2026-02-27 22:08:22,158 [DEBUG] start= 49.12 | dur=  1.00 | pitch=A2   | vel= 90
2026-02-27 22:08:22,158 [DEBUG] start= 50.12 | dur=  1.00 | pitch=F#2  | vel= 50
2026-02-27 22:08:22,158 [DEBUG] start= 51.12 | dur=  0.75 | pitch=B3   | vel= 50
2026-02-27 22:08:22,158 [DEBUG] start= 52.12 | dur=  0.50 | pitch=F#2  | vel= 50
2026-02-27 22:08:22,158 [DEBUG] start= 52.62 | dur=  0.50 | pitch=B2   | vel= 50
2026-02-27 22:08:22,159 [DEBUG] start= 53.12 | dur=  1.00 | pitch=A3   | vel= 50
2026-02-27 22:08:22,159 [DEBUG] start= 54.12 | dur=  0.50 | pitch=C#2  | vel= 10
2026-02-27 22:08:22,159 [DEBUG] start= 54.62 | dur=  1.00 | pitch=G#3  | vel= 10
2026-02-27 22:08:22,159 [DEBUG] start= 55.62 | dur=  0.50 | pitch=E3   | vel= 10
2026-02-27 22:08:22,159 [DEBUG] start= 56.12 | dur=  0.50 | pitch=D3   | vel= 10
2026-02-27 22:08:22,159 [DEBUG] start= 56.62 | dur=  1.50 | pitch=A2   | vel= 10
2026-02-27 22:08:22,159 [DEBUG] start= 58.12 | dur=  1.00 | pitch=A3   | vel= 10
2026-02-27 22:08:22,159 [DEBUG] start= 59.12 | dur=  0.75 | pitch=C#2  | vel=110
2026-02-27 22:08:22,159 [DEBUG] start= 61.12 | dur=  0.25 | pitch=B2   | vel=110
2026-02-27 22:08:22,159 [DEBUG] start= 61.38 | dur=  1.00 | pitch=A2   | vel=110
2026-02-27 22:08:22,159 [DEBUG] start= 62.38 | dur=  0.75 | pitch=G#3  | vel=110
2026-02-27 22:08:22,159 [DEBUG] start= 63.12 | dur=  0.50 | pitch=C#2  | vel=110
2026-02-27 22:08:22,159 [DEBUG] start= 63.62 | dur=  0.75 | pitch=C#2  | vel=110
2026-02-27 22:08:22,159 [DEBUG] start= 64.38 | dur=  0.12 | pitch=A3   | vel=110
2026-02-27 22:08:22,159 [DEBUG] start= 64.50 | dur=  0.12 | pitch=C#2  | vel=110
2026-02-27 22:08:22,159 [DEBUG] start= 64.62 | dur=  1.50 | pitch=B2   | vel=110
2026-02-27 22:08:22,159 [DEBUG] start= 66.12 | dur=  0.25 | pitch=F#3  | vel=110
2026-02-27 22:08:22,159 [DEBUG] start= 66.38 | dur=  1.00 | pitch=A2   | vel=110
2026-02-27 22:08:22,159 [DEBUG] start= 67.38 | dur=  0.25 | pitch=C#2  | vel= 30
2026-02-27 22:08:22,159 [DEBUG] start= 67.62 | dur=  1.00 | pitch=C#2  | vel= 30
2026-02-27 22:08:22,159 [DEBUG] start= 68.62 | dur=  0.25 | pitch=D3   | vel= 30
2026-02-27 22:08:22,159 [DEBUG] start= 69.38 | dur=  0.12 | pitch=C#3  | vel= 30
2026-02-27 22:08:22,159 [DEBUG] start= 69.50 | dur=  0.75 | pitch=C#3  | vel= 30
2026-02-27 22:08:22,159 [DEBUG] start= 70.25 | dur=  1.00 | pitch=E3   | vel= 30
2026-02-27 22:08:22,159 [DEBUG] start= 71.25 | dur=  1.00 | pitch=A3   | vel= 30
2026-02-27 22:08:22,159 [DEBUG] start= 72.25 | dur=  0.12 | pitch=B2   | vel= 70
2026-02-27 22:08:22,159 [DEBUG] start= 72.38 | dur=  1.00 | pitch=D3   | vel= 70
2026-02-27 22:08:22,159 [DEBUG] start= 73.38 | dur=  0.50 | pitch=G#3  | vel= 70
2026-02-27 22:08:22,159 [DEBUG] start= 74.25 | dur=  0.25 | pitch=B3   | vel= 70
2026-02-27 22:08:22,159 [DEBUG] start= 74.50 | dur=  0.50 | pitch=D3   | vel= 70
2026-02-27 22:08:22,159 [DEBUG] start= 75.00 | dur=  0.25 | pitch=G#2  | vel= 70
2026-02-27 22:08:22,159 [DEBUG] start= 75.25 | dur=  1.00 | pitch=A2   | vel= 70
2026-02-27 22:08:22,159 [DEBUG] start= 76.25 | dur=  1.00 | pitch=G#3  | vel= 50
2026-02-27 22:08:22,159 [DEBUG] start= 77.25 | dur=  0.50 | pitch=E3   | vel= 50
2026-02-27 22:08:22,159 [DEBUG] start= 78.25 | dur=  0.75 | pitch=G#3  | vel= 50
2026-02-27 22:08:22,159 [DEBUG] start= 79.00 | dur=  0.25 | pitch=E2   | vel= 50
2026-02-27 22:08:22,159 [DEBUG] start= 79.25 | dur=  1.00 | pitch=A3   | vel= 50
2026-02-27 22:08:22,159 [DEBUG] start= 80.25 | dur=  0.12 | pitch=C#2  | vel= 90
2026-02-27 22:08:22,159 [DEBUG] start= 82.25 | dur=  1.00 | pitch=D2   | vel= 90
2026-02-27 22:08:22,160 [DEBUG] start= 83.25 | dur=  1.00 | pitch=A3   | vel= 90
2026-02-27 22:08:22,160 [DEBUG] start= 84.25 | dur=  0.12 | pitch=F#3  | vel= 30
2026-02-27 22:08:22,160 [DEBUG] start= 84.38 | dur=  0.50 | pitch=D2   | vel= 30
2026-02-27 22:08:22,160 [DEBUG] start= 84.88 | dur=  0.12 | pitch=A3   | vel= 30
2026-02-27 22:08:22,160 [DEBUG] start= 86.25 | dur=  0.50 | pitch=F#3  | vel= 30
2026-02-27 22:08:22,160 [DEBUG] start= 86.75 | dur=  0.50 | pitch=E3   | vel= 30
2026-02-27 22:08:22,160 [DEBUG] start= 87.25 | dur=  0.75 | pitch=A2   | vel= 30
2026-02-27 22:08:22,160 [DEBUG] start= 88.00 | dur=  1.00 | pitch=A3   | vel= 30
2026-02-27 22:08:22,160 [DEBUG] start= 89.00 | dur=  0.12 | pitch=B2   | vel= 70
2026-02-27 22:08:22,160 [DEBUG] start= 89.12 | dur=  1.50 | pitch=A2   | vel= 70
2026-02-27 22:08:22,160 [DEBUG] start= 90.62 | dur=  0.12 | pitch=G#2  | vel= 70
2026-02-27 22:08:22,160 [DEBUG] start= 91.00 | dur=  1.00 | pitch=B2   | vel= 70
2026-02-27 22:08:22,160 [DEBUG] Instrument: Electric Bass (finger)
2026-02-27 22:08:22,160 [DEBUG] start=  0.00 | dur=  1.00 | pitch=E0   | vel= 15
2026-02-27 22:08:22,160 [DEBUG] start=  1.00 | dur=  1.00 | pitch=C#1  | vel= 15
2026-02-27 22:08:22,160 [DEBUG] start=  2.00 | dur=  1.00 | pitch=F#0  | vel= 15
2026-02-27 22:08:22,160 [DEBUG] start=  3.00 | dur=  1.00 | pitch=C#0  | vel= 15
2026-02-27 22:08:22,160 [DEBUG] start=  4.00 | dur=  1.00 | pitch=F#0  | vel= 15
2026-02-27 22:08:22,160 [DEBUG] start=  5.00 | dur=  1.00 | pitch=D1   | vel= 15
2026-02-27 22:08:22,160 [DEBUG] start=  6.00 | dur=  1.00 | pitch=G#1  | vel= 15
2026-02-27 22:08:22,160 [DEBUG] start=  7.00 | dur=  1.00 | pitch=C#1  | vel= 15
2026-02-27 22:08:22,160 [DEBUG] start=  8.00 | dur=  1.00 | pitch=F#1  | vel= 15
2026-02-27 22:08:22,160 [DEBUG] start=  9.00 | dur=  1.00 | pitch=B1   | vel= 15
2026-02-27 22:08:22,160 [DEBUG] start= 10.00 | dur=  1.00 | pitch=E1   | vel= 15
2026-02-27 22:08:22,160 [DEBUG] start= 11.00 | dur=  1.00 | pitch=B0   | vel= 15
2026-02-27 22:08:22,160 [DEBUG] start= 12.00 | dur=  1.00 | pitch=E1   | vel= 15
2026-02-27 22:08:22,160 [DEBUG] start= 13.00 | dur=  1.00 | pitch=B0   | vel= 15
2026-02-27 22:08:22,160 [DEBUG] start= 14.00 | dur=  1.00 | pitch=E1   | vel= 15
2026-02-27 22:08:22,160 [DEBUG] start= 15.00 | dur=  1.00 | pitch=C#1  | vel= 15
2026-02-27 22:08:22,160 [DEBUG] start= 16.00 | dur=  0.50 | pitch=A1   | vel= 10
2026-02-27 22:08:22,160 [DEBUG] start= 16.50 | dur=  1.00 | pitch=E0   | vel=115
2026-02-27 22:08:22,160 [DEBUG] start= 17.50 | dur=  1.00 | pitch=E0   | vel=115
2026-02-27 22:08:22,160 [DEBUG] start= 18.50 | dur=  1.00 | pitch=D1   | vel=115
2026-02-27 22:08:22,160 [DEBUG] start= 19.50 | dur=  1.00 | pitch=E1   | vel=115
2026-02-27 22:08:22,160 [DEBUG] start= 20.50 | dur=  1.00 | pitch=D1   | vel=115
2026-02-27 22:08:22,160 [DEBUG] start= 21.50 | dur=  1.00 | pitch=E1   | vel=115
2026-02-27 22:08:22,160 [DEBUG] start= 22.50 | dur=  1.00 | pitch=D1   | vel=115
2026-02-27 22:08:22,161 [DEBUG] start= 23.50 | dur=  1.00 | pitch=E0   | vel=115
2026-02-27 22:08:22,161 [DEBUG] start= 24.50 | dur=  1.00 | pitch=C#1  | vel=115
2026-02-27 22:08:22,161 [DEBUG] start= 25.50 | dur=  1.00 | pitch=D0   | vel=115
2026-02-27 22:08:22,161 [DEBUG] start= 26.50 | dur=  1.00 | pitch=D0   | vel=115
2026-02-27 22:08:22,161 [DEBUG] start= 27.50 | dur=  1.00 | pitch=E1   | vel=115
2026-02-27 22:08:22,161 [DEBUG] start= 28.50 | dur=  1.00 | pitch=E1   | vel=115
2026-02-27 22:08:22,161 [DEBUG] start= 29.50 | dur=  1.00 | pitch=E1   | vel=115
2026-02-27 22:08:22,161 [DEBUG] start= 30.50 | dur=  1.00 | pitch=F#1  | vel=115
2026-02-27 22:08:22,161 [DEBUG] start= 31.50 | dur=  1.00 | pitch=F#0  | vel=115
2026-02-27 22:08:22,161 [DEBUG] start= 32.50 | dur=  0.50 | pitch=A0   | vel=110
2026-02-27 22:08:22,161 [DEBUG] start= 33.00 | dur=  1.00 | pitch=G#1  | vel= 15
2026-02-27 22:08:22,161 [DEBUG] start= 34.00 | dur=  1.00 | pitch=E0   | vel= 15
2026-02-27 22:08:22,161 [DEBUG] start= 35.00 | dur=  1.00 | pitch=G#0  | vel= 15
2026-02-27 22:08:22,161 [DEBUG] start= 36.00 | dur=  1.00 | pitch=E1   | vel= 15
2026-02-27 22:08:22,161 [DEBUG] start= 37.00 | dur=  1.00 | pitch=G#1  | vel= 15
2026-02-27 22:08:22,161 [DEBUG] start= 38.00 | dur=  1.00 | pitch=F#1  | vel= 15
2026-02-27 22:08:22,161 [DEBUG] start= 39.00 | dur=  1.00 | pitch=F#1  | vel= 15
2026-02-27 22:08:22,161 [DEBUG] start= 40.00 | dur=  1.00 | pitch=G#0  | vel= 15
2026-02-27 22:08:22,161 [DEBUG] start= 41.00 | dur=  1.00 | pitch=G#0  | vel= 15
2026-02-27 22:08:22,161 [DEBUG] start= 42.00 | dur=  1.00 | pitch=F#1  | vel= 15
2026-02-27 22:08:22,161 [DEBUG] start= 43.00 | dur=  1.00 | pitch=G#1  | vel= 15
2026-02-27 22:08:22,161 [DEBUG] start= 44.00 | dur=  1.00 | pitch=E1   | vel= 15
2026-02-27 22:08:22,161 [DEBUG] start= 45.00 | dur=  1.00 | pitch=G#0  | vel= 15
2026-02-27 22:08:22,161 [DEBUG] start= 46.00 | dur=  1.00 | pitch=E0   | vel= 15
2026-02-27 22:08:22,161 [DEBUG] start= 47.00 | dur=  1.00 | pitch=A0   | vel= 15
2026-02-27 22:08:22,161 [DEBUG] start= 48.00 | dur=  1.00 | pitch=D1   | vel= 15
2026-02-27 22:08:22,161 [DEBUG] start= 49.00 | dur=  0.50 | pitch=A1   | vel= 10
2026-02-27 22:08:22,161 [DEBUG] start= 49.50 | dur=  1.00 | pitch=D0   | vel= 55
2026-02-27 22:08:22,161 [DEBUG] start= 50.50 | dur=  1.00 | pitch=E0   | vel= 55
2026-02-27 22:08:22,161 [DEBUG] start= 51.50 | dur=  1.00 | pitch=C#1  | vel= 55
2026-02-27 22:08:22,161 [DEBUG] start= 52.50 | dur=  1.00 | pitch=E1   | vel= 55
2026-02-27 22:08:22,161 [DEBUG] start= 53.50 | dur=  1.00 | pitch=C#0  | vel= 55
2026-02-27 22:08:22,161 [DEBUG] start= 54.50 | dur=  1.00 | pitch=F#1  | vel= 55
2026-02-27 22:08:22,161 [DEBUG] start= 55.50 | dur=  1.00 | pitch=C#0  | vel= 55
2026-02-27 22:08:22,161 [DEBUG] start= 56.50 | dur=  1.00 | pitch=F#1  | vel= 55
2026-02-27 22:08:22,161 [DEBUG] start= 57.50 | dur=  1.00 | pitch=B1   | vel= 55
2026-02-27 22:08:22,161 [DEBUG] start= 58.50 | dur=  1.00 | pitch=E0   | vel= 55
2026-02-27 22:08:22,161 [DEBUG] start= 59.50 | dur=  1.00 | pitch=C#1  | vel= 55
2026-02-27 22:08:22,161 [DEBUG] start= 60.50 | dur=  1.00 | pitch=F#0  | vel= 55
2026-02-27 22:08:22,162 [DEBUG] start= 61.50 | dur=  1.00 | pitch=D1   | vel= 55
2026-02-27 22:08:22,162 [DEBUG] start= 62.50 | dur=  1.00 | pitch=E0   | vel= 55
2026-02-27 22:08:22,162 [DEBUG] start= 63.50 | dur=  1.00 | pitch=D1   | vel= 55
2026-02-27 22:08:22,162 [DEBUG] start= 64.50 | dur=  1.00 | pitch=E1   | vel= 55
2026-02-27 22:08:22,162 [DEBUG] start= 65.50 | dur=  0.50 | pitch=A1   | vel= 50
2026-02-27 22:08:22,162 [DEBUG] start= 66.00 | dur=  1.00 | pitch=A0   | vel= 55
2026-02-27 22:08:22,162 [DEBUG] start= 67.00 | dur=  1.00 | pitch=D1   | vel= 55
2026-02-27 22:08:22,162 [DEBUG] start= 68.00 | dur=  1.00 | pitch=A1   | vel= 55
2026-02-27 22:08:22,162 [DEBUG] start= 69.00 | dur=  1.00 | pitch=D0   | vel= 55
2026-02-27 22:08:22,162 [DEBUG] start= 70.00 | dur=  1.00 | pitch=G#1  | vel= 55
2026-02-27 22:08:22,162 [DEBUG] start= 71.00 | dur=  1.00 | pitch=C#0  | vel= 55
2026-02-27 22:08:22,162 [DEBUG] start= 72.00 | dur=  1.00 | pitch=G#0  | vel= 55
2026-02-27 22:08:22,162 [DEBUG] start= 73.00 | dur=  1.00 | pitch=D1   | vel= 55
2026-02-27 22:08:22,162 [DEBUG] start= 74.00 | dur=  1.00 | pitch=G#0  | vel= 55
2026-02-27 22:08:22,162 [DEBUG] start= 75.00 | dur=  1.00 | pitch=D0   | vel= 55
2026-02-27 22:08:22,162 [DEBUG] start= 76.00 | dur=  1.00 | pitch=F#0  | vel= 55
2026-02-27 22:08:22,162 [DEBUG] start= 77.00 | dur=  1.00 | pitch=D0   | vel= 55
2026-02-27 22:08:22,162 [DEBUG] start= 78.00 | dur=  1.00 | pitch=F#0  | vel= 55
2026-02-27 22:08:22,162 [DEBUG] start= 79.00 | dur=  1.00 | pitch=C#0  | vel= 55
2026-02-27 22:08:22,162 [DEBUG] start= 80.00 | dur=  1.00 | pitch=G#1  | vel= 55
2026-02-27 22:08:22,162 [DEBUG] start= 81.00 | dur=  1.00 | pitch=C#1  | vel= 55
2026-02-27 22:08:22,162 [DEBUG] start= 82.00 | dur=  0.50 | pitch=A1   | vel= 50
2026-02-27 22:08:22,162 [DEBUG] start= 82.50 | dur=  1.00 | pitch=D1   | vel= 75
2026-02-27 22:08:22,162 [DEBUG] start= 83.50 | dur=  1.00 | pitch=A1   | vel= 75
2026-02-27 22:08:22,162 [DEBUG] start= 84.50 | dur=  1.00 | pitch=D0   | vel= 75
2026-02-27 22:08:22,162 [DEBUG] start= 85.50 | dur=  1.00 | pitch=A1   | vel= 75
2026-02-27 22:08:22,162 [DEBUG] start= 86.50 | dur=  1.00 | pitch=D1   | vel= 75
2026-02-27 22:08:22,162 [DEBUG] start= 87.50 | dur=  1.00 | pitch=A0   | vel= 75
2026-02-27 22:08:22,162 [DEBUG] start= 88.50 | dur=  1.00 | pitch=D0   | vel= 75
2026-02-27 22:08:22,162 [DEBUG] start= 89.50 | dur=  1.00 | pitch=G#1  | vel= 75
2026-02-27 22:08:22,162 [DEBUG] start= 90.50 | dur=  1.00 | pitch=E0   | vel= 75
2026-02-27 22:08:22,162 [DEBUG] Instrument: Viola
2026-02-27 22:08:22,162 [DEBUG] start=  0.00 | dur=  0.50 | pitch=D3   | vel= 35
2026-02-27 22:08:22,162 [DEBUG] start=  0.50 | dur=  0.50 | pitch=E3   | vel= 35
2026-02-27 22:08:22,162 [DEBUG] start=  1.00 | dur=  0.50 | pitch=E3   | vel= 35
2026-02-27 22:08:22,162 [DEBUG] start=  1.50 | dur=  0.12 | pitch=E2   | vel= 35
2026-02-27 22:08:22,162 [DEBUG] start=  2.00 | dur=  0.50 | pitch=E2   | vel= 35
2026-02-27 22:08:22,162 [DEBUG] start=  2.50 | dur=  1.50 | pitch=F#2  | vel= 35
2026-02-27 22:08:22,162 [DEBUG] start=  4.00 | dur=  1.50 | pitch=E2   | vel= 35
2026-02-27 22:08:22,163 [DEBUG] start=  5.50 | dur=  0.50 | pitch=G#3  | vel= 35
2026-02-27 22:08:22,163 [DEBUG] start=  6.00 | dur=  0.25 | pitch=D2   | vel= 35
2026-02-27 22:08:22,163 [DEBUG] start=  6.25 | dur=  0.75 | pitch=G#3  | vel= 35
2026-02-27 22:08:22,163 [DEBUG] start=  7.00 | dur=  0.25 | pitch=D2   | vel= 35
2026-02-27 22:08:22,163 [DEBUG] start=  7.25 | dur=  0.50 | pitch=C#2  | vel= 35
2026-02-27 22:08:22,163 [DEBUG] start=  7.75 | dur=  0.50 | pitch=A2   | vel= 30
2026-02-27 22:08:22,163 [DEBUG] start=  8.25 | dur=  0.75 | pitch=F#3  | vel= 15
2026-02-27 22:08:22,163 [DEBUG] start=  9.00 | dur=  0.25 | pitch=D2   | vel= 15
2026-02-27 22:08:22,163 [DEBUG] start= 10.25 | dur=  2.00 | pitch=F#3  | vel= 15
2026-02-27 22:08:22,163 [DEBUG] start= 12.25 | dur=  1.00 | pitch=F#2  | vel= 15
2026-02-27 22:08:22,163 [DEBUG] start= 13.25 | dur=  0.25 | pitch=D3   | vel= 15
2026-02-27 22:08:22,163 [DEBUG] start= 14.25 | dur=  0.75 | pitch=E2   | vel= 15
2026-02-27 22:08:22,163 [DEBUG] start= 15.00 | dur=  0.25 | pitch=D3   | vel= 15
2026-02-27 22:08:22,163 [DEBUG] start= 15.25 | dur=  0.50 | pitch=A2   | vel= 10
2026-02-27 22:08:22,163 [DEBUG] start= 15.75 | dur=  2.00 | pitch=C#3  | vel= 15
2026-02-27 22:08:22,163 [DEBUG] start= 17.75 | dur=  0.25 | pitch=C#2  | vel= 15
2026-02-27 22:08:22,163 [DEBUG] start= 19.75 | dur=  0.12 | pitch=C#3  | vel= 15
2026-02-27 22:08:22,163 [DEBUG] start= 21.75 | dur=  0.12 | pitch=B2   | vel= 15
2026-02-27 22:08:22,163 [DEBUG] start= 21.88 | dur=  0.50 | pitch=A2   | vel= 10
2026-02-27 22:08:22,163 [DEBUG] start= 22.38 | dur=  1.00 | pitch=C#2  | vel= 15
2026-02-27 22:08:22,163 [DEBUG] start= 23.38 | dur=  1.00 | pitch=D3   | vel= 15
2026-02-27 22:08:22,163 [DEBUG] start= 24.38 | dur=  1.00 | pitch=D3   | vel= 15
2026-02-27 22:08:22,163 [DEBUG] start= 25.38 | dur=  1.00 | pitch=E3   | vel= 15
2026-02-27 22:08:22,163 [DEBUG] start= 26.38 | dur=  0.50 | pitch=D3   | vel= 15
2026-02-27 22:08:22,163 [DEBUG] start= 26.88 | dur=  0.50 | pitch=E2   | vel= 15
2026-02-27 22:08:22,163 [DEBUG] start= 28.38 | dur=  2.00 | pitch=E3   | vel= 15
2026-02-27 22:08:22,163 [DEBUG] start= 30.38 | dur=  0.50 | pitch=A3   | vel= 10
2026-02-27 22:08:22,163 [DEBUG] start= 30.88 | dur=  1.50 | pitch=G#3  | vel= 15
2026-02-27 22:08:22,163 [DEBUG] start= 32.38 | dur=  0.25 | pitch=B3   | vel= 15
2026-02-27 22:08:22,163 [DEBUG] start= 32.88 | dur=  0.50 | pitch=A3   | vel= 15
2026-02-27 22:08:22,163 [DEBUG] start= 33.38 | dur=  1.50 | pitch=B2   | vel= 15
2026-02-27 22:08:22,163 [DEBUG] start= 34.88 | dur=  0.50 | pitch=A2   | vel= 15
2026-02-27 22:08:22,163 [DEBUG] start= 35.38 | dur=  0.50 | pitch=B3   | vel= 15
2026-02-27 22:08:22,163 [DEBUG] start= 36.88 | dur=  0.50 | pitch=A3   | vel= 15
2026-02-27 22:08:22,164 [DEBUG] start= 37.38 | dur=  1.50 | pitch=C#2  | vel= 15
2026-02-27 22:08:22,164 [DEBUG] start= 38.88 | dur=  0.50 | pitch=A3   | vel= 10
2026-02-27 22:08:22,164 [DEBUG] start= 39.38 | dur=  0.50 | pitch=A3   | vel=115
2026-02-27 22:08:22,164 [DEBUG] start= 39.88 | dur=  1.00 | pitch=A3   | vel=115
2026-02-27 22:08:22,164 [DEBUG] start= 40.88 | dur=  0.12 | pitch=C#2  | vel=115
2026-02-27 22:08:22,164 [DEBUG] start= 41.38 | dur=  1.00 | pitch=B2   | vel=115
2026-02-27 22:08:22,164 [DEBUG] start= 42.38 | dur=  0.25 | pitch=A2   | vel=115
2026-02-27 22:08:22,164 [DEBUG] start= 42.62 | dur=  0.25 | pitch=C#2  | vel=115
2026-02-27 22:08:22,164 [DEBUG] start= 43.38 | dur=  0.75 | pitch=C#3  | vel=115
2026-02-27 22:08:22,164 [DEBUG] start= 44.12 | dur=  0.12 | pitch=A3   | vel=115
2026-02-27 22:08:22,164 [DEBUG] start= 44.25 | dur=  0.75 | pitch=C#3  | vel=115
2026-02-27 22:08:22,164 [DEBUG] start= 45.38 | dur=  1.50 | pitch=B2   | vel=115
2026-02-27 22:08:22,164 [DEBUG] start= 46.88 | dur=  0.50 | pitch=G#3  | vel=115
2026-02-27 22:08:22,164 [DEBUG] start= 47.38 | dur=  0.50 | pitch=A3   | vel=110
2026-02-27 22:08:22,164 [DEBUG] start= 47.88 | dur=  0.25 | pitch=B3   | vel= 75
2026-02-27 22:08:22,164 [DEBUG] start= 48.12 | dur=  0.12 | pitch=E3   | vel= 75
2026-02-27 22:08:22,164 [DEBUG] start= 48.25 | dur=  1.50 | pitch=C#2  | vel= 75
2026-02-27 22:08:22,164 [DEBUG] start= 49.75 | dur=  0.12 | pitch=F#3  | vel= 75
2026-02-27 22:08:22,164 [DEBUG] start= 49.88 | dur=  2.00 | pitch=B2   | vel= 75
2026-02-27 22:08:22,164 [DEBUG] start= 51.88 | dur=  1.00 | pitch=B2   | vel= 75
2026-02-27 22:08:22,164 [DEBUG] start= 52.88 | dur=  0.25 | pitch=E2   | vel= 75
2026-02-27 22:08:22,164 [DEBUG] start= 53.12 | dur=  0.25 | pitch=C#3  | vel= 75
2026-02-27 22:08:22,164 [DEBUG] start= 53.38 | dur=  0.12 | pitch=F#3  | vel= 75
2026-02-27 22:08:22,164 [DEBUG] start= 53.88 | dur=  1.50 | pitch=B3   | vel= 75
2026-02-27 22:08:22,164 [DEBUG] start= 55.38 | dur=  0.25 | pitch=E3   | vel= 75
2026-02-27 22:08:22,164 [DEBUG] start= 55.62 | dur=  0.12 | pitch=C#3  | vel= 75
2026-02-27 22:08:22,164 [DEBUG] start= 55.75 | dur=  0.12 | pitch=F#2  | vel= 75
2026-02-27 22:08:22,164 [DEBUG] start= 55.88 | dur=  0.50 | pitch=A2   | vel= 70
2026-02-27 22:08:22,164 [DEBUG] start= 56.38 | dur=  2.00 | pitch=D2   | vel= 15
2026-02-27 22:08:22,164 [DEBUG] start= 58.38 | dur=  1.50 | pitch=C#2  | vel= 15
2026-02-27 22:08:22,164 [DEBUG] start= 59.88 | dur=  0.50 | pitch=E3   | vel= 15
2026-02-27 22:08:22,164 [DEBUG] start= 60.38 | dur=  0.25 | pitch=D3   | vel= 15
2026-02-27 22:08:22,164 [DEBUG] start= 60.62 | dur=  1.00 | pitch=E2   | vel= 15
2026-02-27 22:08:22,164 [DEBUG] start= 62.38 | dur=  0.12 | pitch=D2   | vel= 15
2026-02-27 22:08:22,164 [DEBUG] start= 62.50 | dur=  1.50 | pitch=E3   | vel= 15
2026-02-27 22:08:22,164 [DEBUG] start= 64.00 | dur=  0.50 | pitch=A3   | vel= 10
2026-02-27 22:08:22,165 [DEBUG] start= 64.50 | dur=  0.75 | pitch=D3   | vel=115
2026-02-27 22:08:22,165 [DEBUG] start= 65.25 | dur=  0.12 | pitch=B3   | vel=115
2026-02-27 22:08:22,165 [DEBUG] start= 65.38 | dur=  0.25 | pitch=G#3  | vel=115
2026-02-27 22:08:22,165 [DEBUG] start= 66.50 | dur=  0.25 | pitch=D2   | vel=115
2026-02-27 22:08:22,165 [DEBUG] start= 66.75 | dur=  1.00 | pitch=B3   | vel=115
2026-02-27 22:08:22,165 [DEBUG] start= 67.75 | dur=  0.50 | pitch=G#3  | vel=115
2026-02-27 22:08:22,165 [DEBUG] start= 68.50 | dur=  0.75 | pitch=D2   | vel=115
2026-02-27 22:08:22,165 [DEBUG] start= 69.25 | dur=  0.25 | pitch=B2   | vel=115
2026-02-27 22:08:22,165 [DEBUG] start= 69.50 | dur=  1.00 | pitch=G#3  | vel=115
2026-02-27 22:08:22,165 [DEBUG] start= 70.50 | dur=  0.75 | pitch=D3   | vel=115
2026-02-27 22:08:22,165 [DEBUG] start= 71.25 | dur=  0.50 | pitch=B2   | vel=115
2026-02-27 22:08:22,165 [DEBUG] start= 71.75 | dur=  0.12 | pitch=G#2  | vel=115
2026-02-27 22:08:22,165 [DEBUG] start= 71.88 | dur=  0.50 | pitch=A3   | vel=110
2026-02-27 22:08:22,165 [DEBUG] start= 72.38 | dur=  0.50 | pitch=E2   | vel= 75
2026-02-27 22:08:22,165 [DEBUG] start= 72.88 | dur=  0.12 | pitch=G#3  | vel= 75
2026-02-27 22:08:22,165 [DEBUG] start= 73.00 | dur=  0.50 | pitch=F#3  | vel= 75
2026-02-27 22:08:22,165 [DEBUG] start= 73.50 | dur=  0.75 | pitch=F#2  | vel= 75
2026-02-27 22:08:22,165 [DEBUG] start= 74.38 | dur=  1.50 | pitch=E3   | vel= 75
2026-02-27 22:08:22,165 [DEBUG] start= 75.88 | dur=  0.12 | pitch=A2   | vel= 75
2026-02-27 22:08:22,165 [DEBUG] start= 76.00 | dur=  0.25 | pitch=F#2  | vel= 75
2026-02-27 22:08:22,165 [DEBUG] start= 76.25 | dur=  0.12 | pitch=G#3  | vel= 75
2026-02-27 22:08:22,165 [DEBUG] start= 76.38 | dur=  0.50 | pitch=D2   | vel= 75
2026-02-27 22:08:22,165 [DEBUG] start= 76.88 | dur=  1.00 | pitch=G#3  | vel= 75
2026-02-27 22:08:22,165 [DEBUG] start= 77.88 | dur=  0.50 | pitch=E3   | vel= 75
2026-02-27 22:08:22,165 [DEBUG] start= 78.38 | dur=  0.50 | pitch=E3   | vel= 75
2026-02-27 22:08:22,165 [DEBUG] start= 78.88 | dur=  1.00 | pitch=A2   | vel= 75
2026-02-27 22:08:22,165 [DEBUG] start= 79.88 | dur=  0.50 | pitch=E3   | vel= 75
2026-02-27 22:08:22,165 [DEBUG] start= 80.38 | dur=  0.50 | pitch=A3   | vel= 70
2026-02-27 22:08:22,165 [DEBUG] start= 80.88 | dur=  0.50 | pitch=D2   | vel= 95
2026-02-27 22:08:22,165 [DEBUG] start= 82.88 | dur=  1.50 | pitch=D2   | vel= 95
2026-02-27 22:08:22,165 [DEBUG] start= 84.88 | dur=  1.00 | pitch=C#3  | vel= 95
2026-02-27 22:08:22,166 [DEBUG] start= 86.88 | dur=  0.25 | pitch=D2   | vel= 95
2026-02-27 22:08:22,166 [DEBUG] start= 87.12 | dur=  0.50 | pitch=A3   | vel= 90
2026-02-27 22:08:22,166 [DEBUG] start= 87.62 | dur=  1.50 | pitch=G#3  | vel= 15
2026-02-27 22:08:22,166 [DEBUG] start= 89.12 | dur=  0.12 | pitch=G#3  | vel= 15
2026-02-27 22:08:22,166 [DEBUG] start= 89.25 | dur=  0.25 | pitch=F#3  | vel= 15
2026-02-27 22:08:22,166 [DEBUG] start= 89.50 | dur=  0.12 | pitch=F#3  | vel= 15
2026-02-27 22:08:22,166 [DEBUG] start= 89.62 | dur=  0.50 | pitch=F#3  | vel= 15
2026-02-27 22:08:22,166 [DEBUG] start= 90.12 | dur=  0.50 | pitch=F#3  | vel= 15
2026-02-27 22:08:22,166 [DEBUG] start= 90.62 | dur=  0.25 | pitch=F#3  | vel= 15
2026-02-27 22:08:22,166 [DEBUG] start= 90.88 | dur=  0.75 | pitch=G#2  | vel= 15
2026-02-27 22:08:22,166 [DEBUG] -------------------
